[0m19:41:43.104408 [debug] [MainThread]: Sending event: {'category': 'dbt', 'action': 'invocation', 'label': 'start', 'context': [<snowplow_tracker.self_describing_json.SelfDescribingJson object at 0x000001DD65573FE0>, <snowplow_tracker.self_describing_json.SelfDescribingJson object at 0x000001DD651D2780>, <snowplow_tracker.self_describing_json.SelfDescribingJson object at 0x000001DD651A0BF0>]}


============================== 19:41:43.114895 | aeade28a-bea0-454b-b7f0-ad88dcd71ab0 ==============================
[0m19:41:43.114895 [info ] [MainThread]: Running with dbt=1.11.7
[0m19:41:43.114895 [debug] [MainThread]: running dbt with arguments {'version_check': 'True', 'no_print': 'None', 'static_parser': 'True', 'warn_error_options': 'WarnErrorOptionsV2(error=[], warn=[], silence=[])', 'target_path': 'None', 'printer_width': '80', 'write_json': 'True', 'empty': 'None', 'log_cache_events': 'False', 'introspect': 'True', 'cache_selected_only': 'False', 'log_format': 'default', 'debug': 'False', 'fail_fast': 'False', 'partial_parse': 'True', 'send_anonymous_usage_stats': 'True', 'quiet': 'False', 'warn_error': 'None', 'profiles_dir': 'C:\\Users\\Santosh\\.dbt', 'invocation_command': 'dbt init shopflow_analytics', 'use_colors': 'True', 'indirect_selection': 'eager', 'use_experimental_parser': 'False', 'log_path': 'logs'}
[0m19:41:43.139353 [debug] [MainThread]: Starter project path: D:\enterprise-snowflake-dbt\shopflow_snowflakeXdbt_project\venv\Lib\site-packages\dbt\include\starter_project
[0m19:41:43.152894 [info ] [MainThread]: 
Your new dbt project "shopflow_analytics" was created!

For more information on how to configure the profiles.yml file,
please consult the dbt documentation here:

  https://docs.getdbt.com/docs/configure-your-profile

One more thing:

Need help? Don't hesitate to reach out to us via GitHub issues or on Slack:

  https://community.getdbt.com/

Happy modeling!

[0m19:41:43.155021 [info ] [MainThread]: Setting up your profile.
[0m19:41:45.274077 [debug] [MainThread]: Snowflake adapter: Setting snowflake.connector to ERROR (file logging only)
[0m19:41:45.275074 [debug] [MainThread]: Snowflake adapter: Setting botocore to ERROR (file logging only)
[0m19:41:45.275074 [debug] [MainThread]: Snowflake adapter: Setting boto3 to ERROR (file logging only)
[0m19:42:44.097159 [info ] [MainThread]: Profile shopflow_analytics written to C:\Users\Santosh\.dbt\profiles.yml using target's profile_template.yml and your supplied values. Run 'dbt debug' to validate the connection.
[0m19:42:44.099128 [debug] [MainThread]: Command `dbt init` succeeded at 19:42:44.098122 after 61.18 seconds
[0m19:42:44.099128 [debug] [MainThread]: Sending event: {'category': 'dbt', 'action': 'invocation', 'label': 'end', 'context': [<snowplow_tracker.self_describing_json.SelfDescribingJson object at 0x000001DD65573FE0>, <snowplow_tracker.self_describing_json.SelfDescribingJson object at 0x000001DD67C40F80>, <snowplow_tracker.self_describing_json.SelfDescribingJson object at 0x000001DD67269CA0>]}
[0m19:42:44.100122 [debug] [MainThread]: Flushing usage events
[0m19:42:45.089388 [debug] [MainThread]: An error was encountered while trying to flush usage events
